
		     %๚%๚%๚%๚%๚%๚%๚%๚%๚%๚%๚%๚%๚%๚%๚%๚%
		     %๚                             ๚%
		     ๚%           LisT oF           %๚        
		     %๚      AnWeriNg MAcHines      ๚%
		     ๚%         CodEs & #'s         %๚        
		     %๚                             ๚%
		     ๚%        October, 1994        %๚        
		     %๚       ArEA CoDE: ฎO61ฏ      ๚%      
		     ๚%                             %๚
		     %%๚%๚%๚%๚%๚%๚%๚%๚%๚%๚%๚%๚%๚%%๚%๚%

			       PhiLe 2 of 9


Well, this is the first release  of the lame-kickin' list for the <O61> area.
Hope you enjoy it!. Please remember to use them with some careful, don't fuck
up the damn codes, we spended many nigths in getting some of this ones, please 
take care of them. Remember: Information is power. 


Disclamer:
~~~~~~~~~~
I don't give a shit of what you do with this information, so, don't blame us
of any illegal act you've done with it.



				์ tHe LiST ์


ีออออออออออออออออัออออออออออัอออออออออออออออออออออออออออัอออออออออออออออออออออธ
ณ     PHone #    ณ  CoDE #  ณ          OWNER            ณ     MACHiNE TyPE    ณ
ฦออออออออออออออออุออออออออออุอออออออออออออออออออออออออออุอออออออออออออออออออออต
ณ <O61> 2O1.O6O  ณ   111    ณ Estudio Jurกdico          ณ Panasonic Fax/Answ  ณ
ณ <O61> 2O2.75O  ณ   111    ณ Estudio Jurกdico          ณ Panasonic Fax/Answ  ณ
ณ <O61> 25O.794  ณ   111    ณ Peคa y Lillo              ณ Panasonic Fax/Answ  ณ
ณ <O61> 25O.616  ณ   111    ณ ?                         ณ Panasonic Fax/Answ  ณ
ณ <O61> 234.6O7  ณ   111    ณ ?                         ณ Panasonic Fax/Answ  ณ
ณ <O61> 292.143  ณ   111    ณ ?                         ณ Panasonic Fax/Answ  ณ
ณ <O61> 2O1.86O  ณ   111    ณ ?                         ณ Panasonic Fax/Answ  ณ
ณ <O61> 243.3O2  ณ   111    ณ ?                         ณ Panasonic Fax/Answ  ณ
ณ <O61> 99O.OOO  ณ   111    ณ ?                         ณ Panasonic Fax/Answ  ณ
ณ <O61> 243.958  ณ   111    ณ ?                         ณ Panasonic Fax/Answ  ณ
ณ <O61> 293.318  ณ   111    ณ ?                         ณ Panasonic Fax/Answ  ณ
ณ <O61> 3O6.4O9  ณ   111    ณ ?                         ณ Panasonic Fax/Answ  ณ
ณ <O61> 2O1.384  ณ   111    ณ ?                         ณ Panasonic Fax/Answ  ณ
ณ <O61> 29O.944  ณ   111    ณ Pags S.A.                ณ Panasonic Fax/Answ  ณ
ณ <O61> 38O.55O  ณ   111    ณ Contacto S.A.             ณ Panasonic Fax/Answ  ณ
ณ <O61> 29O.967  ณ   111    ณ Cruzado Propiedades       ณ Panasonic Fax/Answ  ณ
ณ <O61> 234.286  ณ   111    ณ Mendoza Propiedades       ณ Panasonic Fax/Answ  ณ
ณ <O61> 98O.838  ณ   111    ณ ?                         ณ Panasonic Fax/Answ  ณ
ณ <O61> 2O2.8O4  ณ   111    ณ Telefonกa Berron          ณ Panasonic Fax/Answ  ณ
ณ <O61> 233.524  ณ   111    ณ Distribuidora Trbol      ณ Panasonic Fax/Answ  ณ
ณ <O61> 2OO.O56  ณ   111    ณ Moris Abogado             ณ Panasonic Fax/Answ  ณ
ณ <O61> 231.237  ณ   111    ณ S nches Abogado           ณ Panasonic Fax/Answ  ณ
ณ <O61> 291.412  ณ   111    ณ Estrella Abogado          ณ Panasonic Fax/Answ  ณ
ณ <O61> 2O1.729  ณ   111    ณ Gonzales Abogado          ณ Panasonic Fax/Answ  ณ
ณ <O61> 291.755  ณ   111    ณ Gulinno Abogado           ณ Panasonic Fax/Answ  ณ
ณ <O61> 243.861  ณ   111    ณ Peltier Abogado           ณ Panasonic Fax/Answ  ณ
ณ <O61> 257.4O9  ณ   111    ณ Cuyo Pack                 ณ Panasonic Fax/Answ  ณ
ณ <O61> 3O5.464  ณ   111    ณ Mc Kenzie helados         ณ Panasonic Fax/Answ  ณ
ณ <O61> 246.641  ณ   111    ณ Parker S.A.               ณ Panasonic Fax/Answ  ณ
ณ <O61> 35O.389  ณ   111    ณ Ecsal hielo               ณ Panasonic Fax/Answ  ณ
ณ <O61> 3O3.131  ณ   111    ณ Autopartes ADA            ณ Panasonic Fax/Answ  ณ
ณ <O61> 232.936  ณ   111    ณ Consutora Rec. Humanos    ณ Panasonic Fax/Answ  ณ
ณ <O61> 256.569  ณ   111    ณ PAI Tours                 ณ Panasonic Fax/Answ  ณ
ณ <O61> 38O.55O  ณ   111    ณ Contacto                  ณ Panasonic Fax/Answ  ณ
ณ <O61> 247.349  ณ   111    ณ Escribanกa Reta           ณ Panasonic Fax/Answ  ณ
ณ <O61> 271.628  ณ   111    ณ Eco Gas                   ณ Panasonic Fax/Answ  ณ
ณ <O61> 272.O78  ณ   111    ณ Eco Gas                   ณ Panasonic Fax/Answ  ณ
ณ <O61> 257.O43  ณ   111    ณ Uniขn S.A.                ณ Panasonic Fax/Answ  ณ
ณ <O61> 291.479  ณ   111    ณ Chretin                  ณ Panasonic Fax/Answ  ณ
ณ <O61> 256.979  ณ   111    ณ Domingo Silvestre         ณ Panasonic Fax/Answ  ณ
ณ <O61> 249.395  ณ   111    ณ Clemen Calir (Desp.Aduana)ณ Panasonic Fax/Answ  ณ
ณ <O61> 258.218  ณ   111    ณ Mac's Propaganda          ณ Panasonic Fax/Answ  ณ
ณ <O61> 234.6O7  ณ   111    ณ Miquel Abogados           ณ Panasonic Fax/Answ  ณ
ณ <O61> 257.225  ณ   111    ณ Romano Contador           ณ Panasonic Fax/Answ  ณ
ณ <O61> 258.74O  ณ   111    ณ Agencia S.A.              ณ Panasonic Fax/Answ  ณ
ณ <O61> 25O.337  ณ   111    ณ Tecpetrol S.A.            ณ Panasonic Fax/Answ  ณ
ณ <O61> 259.191  ณ   111    ณ Supercanal S.A.           ณ Panasonic Fax/Answ  ณ
ณ <O61> 233.4OO  ณ   111    ณ Alarmas X-28              ณ Panasonic Fax/Answ  ณ
ณ <O61> 243.745  ณ   111    ณ Instituto de Computaciขn  ณ Panasonic Fax/Answ  ณ
ณ <O61> 243.2O1  ณ     5    ณ Lขpez Abogado             ณ ?                   ณ
ณ <O61> 249.6O1  ณ    51    ณ Video Sistemas            ณ Panasonic Cordless  ณ
ณ <O61> 2O1.15O  ณ    52    ณ Saneamientos Cuyo         ณ Panasonic Cordless  ณ
ณ <O61> 233.O52  ณ    58    ณ Aguinaga Abogado          ณ Panasonic Cordless  ณ
ณ <O61> 243.2O1  ณ    52    ณ Lopez Aragขn Abogado      ณ Panasonic Cordless  ณ
ณ <O61> 249.112  ณ    52    ณ Sกntesis Inmobiliaria     ณ Panasonic Cordless  ณ
ณ <O61> 292.622  ณ    57    ณ Lขpez Abogado             ณ Panasonic Cordless  ณ
ณ <O61> 246.743  ณ    12    ณ Inmobiliaria Puebla       ณ ??                   ณ
ณ <O61> 34O.313  ณ   258    ณ Turismo Fazio             ณ Panasonic Fax/Answ  ณ
ณ <O61> 29O.595  ณ   123    ณ Lybsa                     ณ Panasonic Fax/Answ  ณ
ณ <O61> 249.735  ณ   937    ณ Tempo Inmobiliaria        ณ Panasonic Fax/Answ  ณ
ณ <O61> 252.O77  ณ   778    ณ Estudio J. Villegas       ณ Panasonic Fax/Answ  ณ
ณ <O61> 243.958  ณ   333    ณ Logripo Abogado           ณ Panasonic Fax/Answ  ณ
ณ <O61> 293.7O5  ณ   666    ณ Diputada Azucardi (666 ??)ณ Panasonic Fax/Answ  ณ
ณ <O61> 231.O46  ณ  3333    ณ Scaramella Inmobiliaria   ณ ?                   ณ
ณ <O61> 294.O11  ณ    7     ณ Cardoso Abogado           ณ Panasonic Answ      ณ
ณ <O61> 316.O42  ณ    ?     ณ Containers Sargo          ณ Panasonic Fax/Answ  ณ
ณ <O61> 2O2.988  ณ    ?     ณ Librerกa Simoncini        ณ Panasonic Fax/Answ  ณ
ณ <O61> 3O4.4O8  ณ    ?     ณ Conexo Propiedades        ณ ?                   ณ
ณ <O61> 2O1 915  ณ    ?     ณ Bravo Propiedades         ณ ?                   ณ
ณ <O61> 22O.4O8  ณ    ?     ณ Lazo Propiedades          ณ ?                   ณ
ณ <O61> 255.585  ณ    ?     ณ Particular                ณ Panasonic Fax/Answ  ณ
ณ <O61> 247.465  ณ    ?     ณ Pags Propiedades         ณ ?                   ณ
ณ <O61> 248.779  ณ    ?     ณ Aguero Abogado            ณ ???                 ณ
ณ <O61> 253.446  ณ    ?     ณ Baker Abogada             ณ ?                   ณ
ณ <O61> 252.448  ณ    ?     ณ ?                         ณ ?                   ณ
ณ <O61> 233.866  ณ    ?     ณ Cremaschi Abogado         ณ ?                   ณ
ณ <O61> 24O.514  ณ    ?     ณ Decฃrges Abogado          ณ ?                   ณ
ณ <O61> 29O.O15  ณ    ?     ณ Gil Abogado               ณ ?                   ณ
ณ <O61> 231.257  ณ    ?     ณ Guevara Abogado           ณ ?                   ณ
ณ <O61> 38O.192  ณ    ?     ณ Kemelmajer Abogado        ณ ?                   ณ
ณ <O61> 234.48O  ณ    ?     ณ Latino  Abogados          ณ ?                   ณ
ณ <O61> 251.OO2  ณ    ?     ณ Lขpez Abogado             ณ ?                   ณ
ณ <O61> 23O.284  ณ    ?     ณ Lขpez Abogado             ณ ?                   ณ
ณ <O61> 245.346  ณ    ?     ณ Marianetti Abogado        ณ ?                   ณ
ณ <O61> 249.369  ณ    ?     ณ Coppelia helados          ณ ?                   ณ      
ณ <O61> 291.119  ณ    ?     ณ Modelos                   ณ ?                   ณ
ณ <O61> 291.523  ณ    ?     ณ Balaguer Abogado          ณ ?                   ณ
ณ <O61> 294.479  ณ    ?     ณ Gomez Productora          ณ ?                   ณ
ณ <O61> 38O.395  ณ    ?     ณ Muคoz (Desp.Aduana)       ณ ?                   ณ
ณ <O61> 253.522  ณ    ?     ณ R.O.G.                    ณ ?                   ณ
ณ <O61> 3O6.636  ณ    ?     ณ Mendoglass                ณ ?                   ณ
ณ <O61> 249.167  ณ    ?     ณ ?                         ณ PBX                 ณ
ณ <O61> 38O.56O  ณ    ?     ณ Delta Automotores         ณ PBX                 ณ
ิออออออออออออออออฯออออออออออฯอออออออออออออออออออออออออออฯอออออออออออออออออออออพ
     
     This number serie is the one we used to hack any 3# access code.
     Note that you can send a thousand 3 cipher numbers dialing only
     1002 numbers. Obviously, you MUST trunk this in smaller chunks.

9900010020030040050060070080090110210310410510610710810910120220320420520620
7208209201302303304305306307308309301402403404405406407408409401502503504505
5065075085095016026036046056066076086096017027037047057067077087097018028038
0480580680780880980190290390490590690790890999111211311411511611711811912213
2142152162172182192123133143153163173183193124134144154164174184194125135145
1551651751851951261361461561661761861961271371471571671771871971281381481581
6817818819812913914915916917918919922232242252262272282292332432532632732832
9323424425426427428429423524525526527528529523624625626627628629623724725726
7277287297238248258268278288298239249259269279289299333433533633733833934435
4364374384394345355365375385395346356366376386396347357367377387397348358368
3783883983493593693793893994445446447448449455465475485495456466476486496457
4674774874974584684784884984594694794894995556557558559566576586596567577587
5975685785885985695795895996667668669677687697678688698679689699777877978879
87897998889899


Don't forget that in most cases, this machines are on when there is nobody
home (so obvious, ah?), so try calling at irregular hours.



GREETINGS!!!!
~~~~~~~~~
First, to all the users of answering machines. (specially to the ones that
leaves the default codes, muajaja!)

.. And, in order of appearence, to:

Panasonic (for being the best-seller)
Phillip Morris INC.
Mendoza Refrescos
Yaesu Comunications
And to our mothers.


SCaNners:
~~~~~~~~
Damian Thorn
NoiseMan
Kurt Cobain
Subzero



Feel free!!
If you want to help us searching for codes or numbers, just contact us at any 
KRiME  site or send your own list via fax, and you'll appear on next edition!


								    The Staff   

Contact us at:

any K.R.i.M.E site
Dr.Jekill 
Ripco ][ 

bYe.




			    -=๐ ENd o' PHiLe ๐=-
